+---------------------------------------+-------------+
| Variable_name                         | Value       |
+---------------------------------------+-------------+
| Innodb_buffer_pool_dump_status        | not started |
| Innodb_buffer_pool_load_status        | not started |
| Innodb_buffer_pool_pages_data         | 7685        |
| Innodb_buffer_pool_bytes_data         | 125911040   |
| Innodb_buffer_pool_pages_dirty        | 0           |
| Innodb_buffer_pool_bytes_dirty        | 0           |
| Innodb_buffer_pool_pages_flushed      | 676492      |
| Innodb_buffer_pool_pages_free         | 0           |
| Innodb_buffer_pool_pages_misc         | 506         |
| Innodb_buffer_pool_pages_total        | 8191        |
| Innodb_buffer_pool_read_ahead_rnd     | 0           |
| Innodb_buffer_pool_read_ahead         | 18          |
| Innodb_buffer_pool_read_ahead_evicted | 0           |
| Innodb_buffer_pool_read_requests      | 650778109   |
| Innodb_buffer_pool_reads              | 509147      |
| Innodb_buffer_pool_wait_free          | 0           |
| Innodb_buffer_pool_write_requests     | 50988810    |
+---------------------------------------+-------------+
17 rows in set (0.00 sec)

mysql> SHOW ENGINE INNODB STATUS\G
*************************** 1. row ***************************
  Type: InnoDB
  Name: 
Status: 
=====================================
2026-05-12 00:01:01 78c9a745a6c0 INNODB MONITOR OUTPUT
=====================================
Per second averages calculated from the last 5 seconds
-----------------
BACKGROUND THREAD
-----------------
srv_master_thread loops: 926 srv_active, 0 srv_shutdown, 1608 srv_idle
srv_master_thread log flush and writes: 2534
----------
SEMAPHORES
----------
OS WAIT ARRAY INFO: reservation count 560123
OS WAIT ARRAY INFO: signal count 2173302
Mutex spin waits 3707706, rounds 24613873, OS waits 168169
RW-shared spins 2301882, rounds 18119286, OS waits 231931
RW-excl spins 468947, rounds 9957013, OS waits 123873
Spin rounds per wait: 6.64 mutex, 7.87 RW-shared, 21.23 RW-excl
------------
TRANSACTIONS
------------
Trx id counter 6683504
Purge done for trx's n:o < 6683504 undo n:o < 0 state: running but idle
History list length 629
LIST OF TRANSACTIONS FOR EACH SESSION:
---TRANSACTION 0, not started
MySQL thread id 84, OS thread handle 0x78c9a745a6c0, query id 82239704 localhost root init
SHOW ENGINE INNODB STATUS
--------
FILE I/O
--------
I/O thread 0 state: waiting for i/o request (insert buffer thread)
I/O thread 1 state: waiting for i/o request (log thread)
I/O thread 2 state: waiting for i/o request (read thread)
I/O thread 3 state: waiting for i/o request (read thread)
I/O thread 4 state: waiting for i/o request (read thread)
I/O thread 5 state: waiting for i/o request (read thread)
I/O thread 6 state: waiting for i/o request (write thread)
I/O thread 7 state: waiting for i/o request (write thread)
I/O thread 8 state: waiting for i/o request (write thread)
I/O thread 9 state: waiting for i/o request (write thread)
Pending normal aio reads: 0 [0, 0, 0, 0] , aio writes: 0 [0, 0, 0, 0] ,
 ibuf aio reads: 0, log i/o's: 0, sync i/o's: 0
Pending flushes (fsync) log: 0; buffer pool: 0
509407 OS file reads, 557535 OS file writes, 450977 OS fsyncs
0.00 reads/s, 0 avg bytes/read, 0.00 writes/s, 0.00 fsyncs/s
-------------------------------------
INSERT BUFFER AND ADAPTIVE HASH INDEX
-------------------------------------
Ibuf: size 1, free list len 0, seg size 2, 322 merges
merged operations:
 insert 110, delete mark 328, delete 60
discarded operations:
 insert 0, delete mark 0, delete 0
Hash table size 276671, node heap has 506 buffer(s)
0.00 hash searches/s, 0.00 non-hash searches/s
---
LOG
---
Log sequence number 4184134549
Log flushed up to   4184134549
Pages flushed up to 4184134549
Last checkpoint at  4184134549
0 pending log writes, 0 pending chkp writes
389486 log i/o's done, 0.00 log i/o's/second
----------------------
BUFFER POOL AND MEMORY
----------------------
Total memory allocated 137625600; in additional pool allocated 0
Dictionary memory allocated 105801
Buffer pool size   8191
Free buffers       0
Database pages     7685
Old database pages 2816
Modified db pages  0
Pending reads 0
Pending writes: LRU 0, flush list 0, single page 0
Pages made young 3613349, not young 25454649
0.00 youngs/s, 0.00 non-youngs/s
Pages read 509391, created 34552, written 731543
0.00 reads/s, 0.00 creates/s, 0.00 writes/s
No buffer pool page gets since the last printout
Pages read ahead 0.00/s, evicted without access 0.00/s, Random read ahead 0.00/s
LRU len: 7685, unzip_LRU len: 0
I/O sum[0]:cur[0], unzip sum[0]:cur[0]
--------------
ROW OPERATIONS
--------------
0 queries inside InnoDB, 0 queries in queue
0 read views open inside InnoDB
Main thread process no. 187522, id 132807485830848, state: sleeping
Number of rows inserted 3052752, updated 4105503, deleted 2052752, read 1921329432
0.00 inserts/s, 0.00 updates/s, 0.00 deletes/s, 0.00 reads/s
----------------------------
END OF INNODB MONITOR OUTPUT
============================
