shavin@shavin-HP-Laptop-15-fd0xxx:~/dev/DB/bench/base$ sysbench oltp_read_write --db-driver=mysql --mysql-host=127.0.0.1 \
  --mysql-user=root  --tables=10 --table-size=100000 \
  --time=300 --threads=8 run
sysbench 1.0.20 (using system LuaJIT 2.1.0-beta3)

Running the test with following options:
Number of threads: 8
Initializing random number generator from current time


Initializing worker threads...

Threads started!

SQL statistics:
    queries performed:
        read:                            5480244
        write:                           1565784
        other:                           782892
        total:                           7828920
    transactions:                        391446 (1304.77 per sec.)
    queries:                             7828920 (26095.32 per sec.)
    ignored errors:                      0      (0.00 per sec.)
    reconnects:                          0      (0.00 per sec.)

General statistics:
    total time:                          300.0097s
    total number of events:              391446

Latency (ms):
         min:                                    2.06
         avg:                                    6.13
         max:                                  143.39
         95th percentile:                       11.04
         sum:                              2398682.35

Threads fairness:
    events (avg/stddev):           48930.7500/36.42
    execution time (avg/stddev):   299.8353/0.00
