+---------------------------------------+-------------+
| Variable_name                         | Value       |
+---------------------------------------+-------------+
| Innodb_buffer_pool_dump_status        | not started |
| Innodb_buffer_pool_load_status        | not started |
| Innodb_buffer_pool_pages_data         | 7704        |
| Innodb_buffer_pool_bytes_data         | 126222336   |
| Innodb_buffer_pool_pages_dirty        | 1           |
| Innodb_buffer_pool_bytes_dirty        | 16384       |
| Innodb_buffer_pool_pages_flushed      | 181479      |
| Innodb_buffer_pool_pages_free         | 0           |
| Innodb_buffer_pool_pages_misc         | 487         |
| Innodb_buffer_pool_pages_total        | 8191        |
| Innodb_buffer_pool_read_ahead_rnd     | 0           |
| Innodb_buffer_pool_read_ahead         | 17          |
| Innodb_buffer_pool_read_ahead_evicted | 0           |
| Innodb_buffer_pool_read_requests      | 362807166   |
| Innodb_buffer_pool_reads              | 298711      |
| Innodb_buffer_pool_wait_free          | 0           |
| Innodb_buffer_pool_write_requests     | 12429548    |
+---------------------------------------+-------------+
17 rows in set (0.00 sec)

mysql> SHOW ENGINE INNODB STATUS\G
*************************** 1. row ***************************
  Type: InnoDB
  Name: 
Status: 
=====================================
2026-05-12 00:21:24 7f45a98e16c0 INNODB MONITOR OUTPUT
=====================================
Per second averages calculated from the last 11 seconds
-----------------
BACKGROUND THREAD
-----------------
srv_master_thread loops: 314 srv_active, 0 srv_shutdown, 801 srv_idle
srv_master_thread log flush and writes: 1115
----------
SEMAPHORES
----------
OS WAIT ARRAY INFO: reservation count 41188
OS WAIT ARRAY INFO: signal count 767721
Mutex spin waits 780349, rounds 3276498, OS waits 20641
RW-shared spins 933673, rounds 2875709, OS waits 13287
RW-excl spins 65791, rounds 1479136, OS waits 6799
Spin rounds per wait: 4.20 mutex, 3.08 RW-shared, 22.48 RW-excl
------------
TRANSACTIONS
------------
Trx id counter 3377114
Purge done for trx's n:o < 3377114 undo n:o < 0 state: running but idle
History list length 934
LIST OF TRANSACTIONS FOR EACH SESSION:
---TRANSACTION 0, not started
MySQL thread id 31, OS thread handle 0x7f45a98e16c0, query id 49626207 localhost root init
SHOW ENGINE INNODB STATUS
--------
FILE I/O
--------
I/O thread 0 state: waiting for i/o request (insert buffer thread)
I/O thread 1 state: waiting for i/o request (log thread)
I/O thread 2 state: waiting for i/o request (read thread)
I/O thread 3 state: waiting for i/o request (read thread)
I/O thread 4 state: waiting for i/o request (read thread)
I/O thread 5 state: waiting for i/o request (read thread)
I/O thread 6 state: waiting for i/o request (write thread)
I/O thread 7 state: waiting for i/o request (write thread)
I/O thread 8 state: waiting for i/o request (write thread)
I/O thread 9 state: waiting for i/o request (write thread)
Pending normal aio reads: 0 [0, 0, 0, 0] , aio writes: 0 [0, 0, 0, 0] ,
 ibuf aio reads: 0, log i/o's: 0, sync i/o's: 0
Pending flushes (fsync) log: 0; buffer pool: 0
298952 OS file reads, 206997 OS file writes, 166489 OS fsyncs
0.00 reads/s, 0 avg bytes/read, 0.00 writes/s, 0.00 fsyncs/s
-------------------------------------
INSERT BUFFER AND ADAPTIVE HASH INDEX
-------------------------------------
Ibuf: size 1, free list len 0, seg size 2, 265 merges
merged operations:
 insert 11, delete mark 262, delete 5
discarded operations:
 insert 0, delete mark 0, delete 0
Hash table size 276671, node heap has 487 buffer(s)
0.00 hash searches/s, 0.00 non-hash searches/s
---
LOG
---
Log sequence number 1253908016
Log flushed up to   1253908016
Pages flushed up to 1247255530
Last checkpoint at  1247255530
0 pending log writes, 0 pending chkp writes
147162 log i/o's done, 0.00 log i/o's/second
----------------------
BUFFER POOL AND MEMORY
----------------------
Total memory allocated 137625600; in additional pool allocated 0
Dictionary memory allocated 105801
Buffer pool size   8191
Free buffers       0
Database pages     7704
Old database pages 2823
Modified db pages  1
Pending reads 0
Pending writes: LRU 0, flush list 0, single page 0
Pages made young 1335935, not young 29528021
0.00 youngs/s, 0.00 non-youngs/s
Pages read 298933, created 19659, written 208072
0.00 reads/s, 0.00 creates/s, 0.00 writes/s
No buffer pool page gets since the last printout
Pages read ahead 0.00/s, evicted without access 0.00/s, Random read ahead 0.00/s
LRU len: 7704, unzip_LRU len: 0
I/O sum[0]:cur[0], unzip sum[0]:cur[0]
--------------
ROW OPERATIONS
--------------
0 queries inside InnoDB, 0 queries in queue
0 read views open inside InnoDB
Main thread process no. 200086, id 139937134921408, state: sleeping
Number of rows inserted 1363244, updated 726488, deleted 363244, read 1247479657
0.00 inserts/s, 0.00 updates/s, 0.00 deletes/s, 0.00 reads/s
----------------------------
END OF INNODB MONITOR OUTPUT
============================
