+---------------------------------------+-------------+
| Variable_name                         | Value       |
+---------------------------------------+-------------+
| Innodb_buffer_pool_dump_status        | not started |
| Innodb_buffer_pool_load_status        | not started |
| Innodb_buffer_pool_pages_data         | 7684        |
| Innodb_buffer_pool_bytes_data         | 125894656   |
| Innodb_buffer_pool_pages_dirty        | 0           |
| Innodb_buffer_pool_bytes_dirty        | 0           |
| Innodb_buffer_pool_pages_flushed      | 618377      |
| Innodb_buffer_pool_pages_free         | 0           |
| Innodb_buffer_pool_pages_misc         | 507         |
| Innodb_buffer_pool_pages_total        | 8191        |
| Innodb_buffer_pool_read_ahead_rnd     | 0           |
| Innodb_buffer_pool_read_ahead         | 17          |
| Innodb_buffer_pool_read_ahead_evicted | 0           |
| Innodb_buffer_pool_read_requests      | 654552289   |
| Innodb_buffer_pool_reads              | 455691      |
| Innodb_buffer_pool_wait_free          | 0           |
| Innodb_buffer_pool_write_requests     | 50507774    |
+---------------------------------------+-------------+
17 rows in set (0.00 sec)

mysql> SHOW ENGINE INNODB STATUS\G
*************************** 1. row ***************************
  Type: InnoDB
  Name: 
Status: 
=====================================
2026-05-12 00:34:46 7f45a97556c0 INNODB MONITOR OUTPUT
=====================================
Per second averages calculated from the last 30 seconds
-----------------
BACKGROUND THREAD
-----------------
srv_master_thread loops: 919 srv_active, 0 srv_shutdown, 995 srv_idle
srv_master_thread log flush and writes: 1914
----------
SEMAPHORES
----------
OS WAIT ARRAY INFO: reservation count 598523
OS WAIT ARRAY INFO: signal count 2240629
Mutex spin waits 3667237, rounds 25548833, OS waits 202843
RW-shared spins 2244472, rounds 17762965, OS waits 231435
RW-excl spins 474808, rounds 10164522, OS waits 126040
Spin rounds per wait: 6.97 mutex, 7.91 RW-shared, 21.41 RW-excl
------------
TRANSACTIONS
------------
Trx id counter 6720476
Purge done for trx's n:o < 6720476 undo n:o < 0 state: running but idle
History list length 568
LIST OF TRANSACTIONS FOR EACH SESSION:
---TRANSACTION 0, not started
MySQL thread id 83, OS thread handle 0x7f45a97556c0, query id 83055076 localhost root init
SHOW ENGINE INNODB STATUS
--------
FILE I/O
--------
I/O thread 0 state: waiting for i/o request (insert buffer thread)
I/O thread 1 state: waiting for i/o request (log thread)
I/O thread 2 state: waiting for i/o request (read thread)
I/O thread 3 state: waiting for i/o request (read thread)
I/O thread 4 state: waiting for i/o request (read thread)
I/O thread 5 state: waiting for i/o request (read thread)
I/O thread 6 state: waiting for i/o request (write thread)
I/O thread 7 state: waiting for i/o request (write thread)
I/O thread 8 state: waiting for i/o request (write thread)
I/O thread 9 state: waiting for i/o request (write thread)
Pending normal aio reads: 0 [0, 0, 0, 0] , aio writes: 0 [0, 0, 0, 0] ,
 ibuf aio reads: 0, log i/o's: 0, sync i/o's: 0
Pending flushes (fsync) log: 0; buffer pool: 0
455940 OS file reads, 636296 OS file writes, 467045 OS fsyncs
1.10 reads/s, 16384 avg bytes/read, 1.00 writes/s, 0.70 fsyncs/s
-------------------------------------
INSERT BUFFER AND ADAPTIVE HASH INDEX
-------------------------------------
Ibuf: size 1, free list len 0, seg size 2, 276 merges
merged operations:
 insert 20, delete mark 265, delete 5
discarded operations:
 insert 0, delete mark 0, delete 0
Hash table size 276671, node heap has 507 buffer(s)
2.40 hash searches/s, 0.00 non-hash searches/s
---
LOG
---
Log sequence number 4097908494
Log flushed up to   4097908494
Pages flushed up to 4097908494
Last checkpoint at  4097908494
0 pending log writes, 0 pending chkp writes
402421 log i/o's done, 0.30 log i/o's/second
----------------------
BUFFER POOL AND MEMORY
----------------------
Total memory allocated 137625600; in additional pool allocated 0
Dictionary memory allocated 105801
Buffer pool size   8191
Free buffers       0
Database pages     7684
Old database pages 2816
Modified db pages  0
Pending reads 0
Pending writes: LRU 0, flush list 0, single page 0
Pages made young 3699060, not young 30499223
0.43 youngs/s, 1.10 non-youngs/s
Pages read 455921, created 34902, written 749750
1.10 reads/s, 0.00 creates/s, 0.67 writes/s
Buffer pool hit rate 947 / 1000, young-making rate 21 / 1000 not 53 / 1000
Pages read ahead 0.00/s, evicted without access 0.00/s, Random read ahead 0.00/s
LRU len: 7684, unzip_LRU len: 0
I/O sum[1612]:cur[0], unzip sum[0]:cur[0]
--------------
ROW OPERATIONS
--------------
0 queries inside InnoDB, 0 queries in queue
0 read views open inside InnoDB
Main thread process no. 200086, id 139937134921408, state: sleeping
Number of rows inserted 3034245, updated 4068490, deleted 2034245, read 1944286993
0.00 inserts/s, 0.00 updates/s, 0.00 deletes/s, 0.00 reads/s
----------------------------
END OF INNODB MONITOR OUTPUT
============================
