+---------------------------------------+-------------+
| Variable_name                         | Value       |
+---------------------------------------+-------------+
| Innodb_buffer_pool_dump_status        | not started |
| Innodb_buffer_pool_load_status        | not started |
| Innodb_buffer_pool_pages_data         | 7692        |
| Innodb_buffer_pool_bytes_data         | 126025728   |
| Innodb_buffer_pool_pages_dirty        | 0           |
| Innodb_buffer_pool_bytes_dirty        | 0           |
| Innodb_buffer_pool_pages_flushed      | 384861      |
| Innodb_buffer_pool_pages_free         | 1           |
| Innodb_buffer_pool_pages_misc         | 498         |
| Innodb_buffer_pool_pages_total        | 8191        |
| Innodb_buffer_pool_read_ahead_rnd     | 0           |
| Innodb_buffer_pool_read_ahead         | 17          |
| Innodb_buffer_pool_read_ahead_evicted | 0           |
| Innodb_buffer_pool_read_requests      | 488163094   |
| Innodb_buffer_pool_reads              | 369753      |
| Innodb_buffer_pool_wait_free          | 0           |
| Innodb_buffer_pool_write_requests     | 28852803    |
+---------------------------------------+-------------+
17 rows in set (0.00 sec)

mysql> SHOW ENGINE INNODB STATUS\G
*************************** 1. row ***************************
  Type: InnoDB
  Name: 
Status: 
=====================================
2026-05-12 00:28:10 7f45a98e16c0 INNODB MONITOR OUTPUT
=====================================
Per second averages calculated from the last 40 seconds
-----------------
BACKGROUND THREAD
-----------------
srv_master_thread loops: 614 srv_active, 0 srv_shutdown, 905 srv_idle
srv_master_thread log flush and writes: 1519
----------
SEMAPHORES
----------
OS WAIT ARRAY INFO: reservation count 155949
OS WAIT ARRAY INFO: signal count 1260262
Mutex spin waits 1936973, rounds 11104877, OS waits 80305
RW-shared spins 1281098, rounds 5112660, OS waits 45147
RW-excl spins 164535, rounds 3215436, OS waits 26203
Spin rounds per wait: 5.73 mutex, 3.99 RW-shared, 19.54 RW-excl
------------
TRANSACTIONS
------------
Trx id counter 4786052
Purge done for trx's n:o < 4786052 undo n:o < 0 state: running but idle
History list length 789
LIST OF TRANSACTIONS FOR EACH SESSION:
---TRANSACTION 0, not started
MySQL thread id 49, OS thread handle 0x7f45a98e16c0, query id 63710019 localhost root init
SHOW ENGINE INNODB STATUS
--------
FILE I/O
--------
I/O thread 0 state: waiting for i/o request (insert buffer thread)
I/O thread 1 state: waiting for i/o request (log thread)
I/O thread 2 state: waiting for i/o request (read thread)
I/O thread 3 state: waiting for i/o request (read thread)
I/O thread 4 state: waiting for i/o request (read thread)
I/O thread 5 state: waiting for i/o request (read thread)
I/O thread 6 state: waiting for i/o request (write thread)
I/O thread 7 state: waiting for i/o request (write thread)
I/O thread 8 state: waiting for i/o request (write thread)
I/O thread 9 state: waiting for i/o request (write thread)
Pending normal aio reads: 0 [0, 0, 0, 0] , aio writes: 0 [0, 0, 0, 0] ,
 ibuf aio reads: 0, log i/o's: 0, sync i/o's: 0
Pending flushes (fsync) log: 0; buffer pool: 0
370001 OS file reads, 426654 OS file writes, 326207 OS fsyncs
0.00 reads/s, 0 avg bytes/read, 0.00 writes/s, 0.00 fsyncs/s
-------------------------------------
INSERT BUFFER AND ADAPTIVE HASH INDEX
-------------------------------------
Ibuf: size 1, free list len 0, seg size 2, 274 merges
merged operations:
 insert 18, delete mark 264, delete 5
discarded operations:
 insert 0, delete mark 0, delete 0
Hash table size 276671, node heap has 498 buffer(s)
0.00 hash searches/s, 0.00 non-hash searches/s
---
LOG
---
Log sequence number 2554178468
Log flushed up to   2554178468
Pages flushed up to 2554178468
Last checkpoint at  2554178468
0 pending log writes, 0 pending chkp writes
285528 log i/o's done, 0.00 log i/o's/second
----------------------
BUFFER POOL AND MEMORY
----------------------
Total memory allocated 137625600; in additional pool allocated 0
Dictionary memory allocated 105801
Buffer pool size   8191
Free buffers       1
Database pages     7692
Old database pages 2819
Modified db pages  0
Pending reads 0
Pending writes: LRU 0, flush list 0, single page 0
Pages made young 2343110, not young 29940072
0.00 youngs/s, 0.00 non-youngs/s
Pages read 369982, created 27893, written 459622
0.00 reads/s, 0.00 creates/s, 0.00 writes/s
No buffer pool page gets since the last printout
Pages read ahead 0.00/s, evicted without access 0.00/s, Random read ahead 0.00/s
LRU len: 7692, unzip_LRU len: 0
I/O sum[1802]:cur[0], unzip sum[0]:cur[0]
--------------
ROW OPERATIONS
--------------
0 queries inside InnoDB, 0 queries in queue
0 read views open inside InnoDB
Main thread process no. 200086, id 139937134921408, state: sleeping
Number of rows inserted 2067287, updated 2134574, deleted 1067287, read 1541065588
0.00 inserts/s, 0.00 updates/s, 0.00 deletes/s, 0.00 reads/s
----------------------------
END OF INNODB MONITOR OUTPUT
============================
